// Jest Snapshot v1, https://goo.gl/fbAQLP

exports[`renders Header 1`] = `
<header
  className="header"
>
  <h1>
    test firstName
     
    test lastName
  </h1>
  <div
    className="basicInfo"
  >
    <div>
      <span
        className="email"
      >
        test@gmail.com
      </span>
    </div>
    <div>
      <span
        className="cellphone"
      >
        101101101
      </span>
    </div>
  </div>
</header>
`;
